../Core/Src/main.c:72:6:Set_Pin_Output	40	static
../Core/Src/main.c:81:6:Set_Pin_Input	40	static
../Core/Src/main.c:90:6:DHT_start	8	static
../Core/Src/main.c:100:9:DHT_responde	16	static
../Core/Src/main.c:119:9:DHT_Read	16	static
../Core/Src/main.c:145:5:main	24	static
../Core/Src/main.c:231:6:delay_us	16	static
../Core/Src/main.c:242:6:SystemClock_Config	88	static
../Core/Src/main.c:288:13:MX_TIM6_Init	16	static
../Core/Src/main.c:326:13:MX_USART3_UART_Init	8	static
../Core/Src/main.c:359:13:MX_GPIO_Init	56	static
../Core/Src/main.c:421:6:Error_Handler	4	static,ignoring_inline_asm
